library
transform --filename js/node_modules/exported.js
var exported;
